RAM Allocation [bytes]
Variable                                                                          Address   Size
------------------------------------------------------------------------------------------------
keypad                                                                            0x05F7      12
initial_board                                                                     0x0603      30
board                                                                             0x0621      30
directions                                                                        0x063F      16
scores                                                                            0x064F       4
flags                                                                             0x0653       2
inputS                                                                            0x0655       3
digits                                                                            0x0658       4
_base_y                                                                           0x065C       4

EEPROM Allocation [bytes]
Variable                                                                          Address   Size
------------------------------------------------------------------------------------------------

Register Allocation
Variable                                                                          Register  Size
------------------------------------------------------------------------------------------------
turn                                                                              R4,R5        2
symbol                                                                            R7           1
inputI                                                                            R8,R9        2
_lcd_x                                                                            R6           1
_lcd_y                                                                            R11          1
_lcd_maxx                                                                         R10          1

FLASH Allocation [words]
Function                                                                          Address   Size
------------------------------------------------------------------------------------------------
main                                                                              0x0016A    127
printBoard                                                                        0x00262     47
printScores                                                                       0x00291     42
printLCD                                                                          0x002CC      7
printTurn                                                                         0x002D3     24
printError                                                                        0x002EB     47
getInput                                                                          0x0031A     37
checkInput                                                                        0x0033F     80
updateScore                                                                       0x0038F    176
gameOver                                                                          0x0043F     32
printWinner                                                                       0x0045F     46
flashing                                                                          0x0048D     53
printBlock                                                                        0x004C2     32
_lcd_write_nibble_G100                                                            0x004E2     20
_lcd_write_data                                                                   0x004F6     12
lcd_gotoxy                                                                        0x00502     13
lcd_clear                                                                         0x0050F     12
lcd_putchar                                                                       0x0051B     21
lcd_puts                                                                          0x00530     17
lcd_init                                                                          0x00541     46
put_buff_G101                                                                     0x0056F     58
_print_G101                                                                       0x005A9    308
sprintf                                                                           0x006DD     52
memcpy                                                                            0x00711     18
strchr                                                                            0x00723     13
strlen                                                                            0x00730     12
strlenf                                                                           0x0073C     13
