RAM Allocation [bytes]
Variable                                                                          Address   Size
------------------------------------------------------------------------------------------------
keypad                                                                            0x05A1      12
board                                                                             0x05AD      30
inputS                                                                            0x05CB       3
inputI                                                                            0x05CE       2
_base_y                                                                           0x05D0       4
_lcd_y                                                                            0x05D4       1
_lcd_maxx                                                                         0x05D5       1

EEPROM Allocation [bytes]
Variable                                                                          Address   Size
------------------------------------------------------------------------------------------------

Register Allocation
Variable                                                                          Register  Size
------------------------------------------------------------------------------------------------
score1                                                                            R4,R5        2
score2                                                                            R6,R7        2
turn                                                                              R8,R9        2
symbol                                                                            R11          1
firstDigit                                                                        R10          1
secondDigit                                                                       R13          1
_lcd_x                                                                            R12          1

FLASH Allocation [words]
Function                                                                          Address   Size
------------------------------------------------------------------------------------------------
main                                                                              0x00129    106
startGame                                                                         0x001D1     17
printBoard                                                                        0x001E2     50
printScore                                                                        0x00214     31
printLCD                                                                          0x00241      6
printTurn                                                                         0x00247     12
printError                                                                        0x00253     38
getInput                                                                          0x00279     27
checkInput                                                                        0x00294     80
_lcd_write_nibble_G100                                                            0x002E4     20
_lcd_write_data                                                                   0x002F8     12
lcd_gotoxy                                                                        0x00304     15
lcd_clear                                                                         0x00313     13
lcd_putchar                                                                       0x00320     26
lcd_puts                                                                          0x0033A     17
lcd_init                                                                          0x0034B     47
put_buff_G101                                                                     0x0037A     64
_print_G101                                                                       0x003BA    308
sprintf                                                                           0x004EE     52
strchr                                                                            0x00522     13
strlen                                                                            0x0052F     12
strlenf                                                                           0x0053B     13
